================================================================================================
  UNIVERSAL NEWTON MULTIVARIABLE BCD ACCELERATOR - VERIFICATION REPORT
================================================================================================
  Generated On : 2026-09-24 17:03:00
  Simulator    : Synopsys VCS W-2024.09 (UVM 1.2 / IEEE 1800.2)
  Design       : newton_bcd_axi_lite (32-bit AXI4-Lite Slave)
------------------------------------------------------------------------------------------------

TEST NAME                      | STATUS   | MATCH | OPT COV  | AXI COV  | FUNC COV | SIM TIME  
------------------------------------------------------------------------------------------------
corner                         | PASSED   | 273   | 74.12%   | 100.00%  | 87.06%   | 232225 ns 
quad                           | PASSED   | 281   | 75.50%   | 100.00%  | 87.75%   | 347755 ns 
random                         | PASSED   | 1532  | 78.00%   | 100.00%  | 89.00%   | 1242005 ns
reset                          | PASSED   | 2562  | 73.00%   | 100.00%  | 86.50%   | 628105 ns 
rosenbrock                     | PASSED   | 342   | 76.12%   | 100.00%  | 88.06%   | 256835 ns 
stress                         | PASSED   | 1204  | 69.50%   | 100.00%  | 84.75%   | 289635 ns 
tapeout                        | PASSED   | 1869  | 97.50%   | 100.00%  | 98.75%   | 3860745 ns
------------------------------------------------------------------------------------------------

REGRESSION SUMMARY METRICS:
  Total Test Cases Executed : 7
  Passed Tests              : 7
  Failed Tests              : 0
  Scoreboard Transactions   : 8063 Passed / 0 Mismatches
  Overall Regression Status : 100% ALL TESTS PASSED
  Suite Pass Rate           : 100.0%
------------------------------------------------------------------------------------------------
SYNOPSYS VCS CUMULATIVE UNIFIED COVERAGE (MERGED REGRESSION):
  Functional Groups Coverage (Covergroups): 100.00%
  Top Design Composite Score               : 97.76%
  FSM State & Transition Coverage          : 100.00%
  SVA Assertion Coverage                   : 100.00%
  RTL Line Coverage                        : 97.57%
  RTL Toggle Coverage                      : 97.70%
  RTL Branch Coverage                      : 93.53%
================================================================================================
