================================================================================
              SCOREBOARD DETAILED TRANSACTION AUDIT REPORT
================================================================================
  Total Verified Transactions: 88
--------------------------------------------------------------------------------

#01 [CORNER] PASSED [Match #23]: status=STATUS_CONVERGED, sweeps=4, f*=0.0000
#02 [CORNER] PASSED [Match #38]: status=STATUS_MAX_ITERS, sweeps=1, f*=32.0000
#03 [CORNER] PASSED [Match #53]: status=STATUS_CONVERGED, sweeps=1, f*=0.0000
#04 [CORNER] PASSED [Match #160]: status=STATUS_CONVERGED, sweeps=3, f*=0.0000
#05 [QUAD] PASSED [Match #23]: status=STATUS_CONVERGED, sweeps=4, f*=0.0000
#06 [QUAD] PASSED [Match #58]: status=STATUS_CONVERGED, sweeps=3, f*=0.0000
#07 [RANDOM] PASSED [Match #45]: status=STATUS_CONVERGED, sweeps=3, f*=0.0000
#08 [RANDOM] PASSED [Match #66]: status=STATUS_MAX_ITERS, sweeps=15, f*=0.0105
#09 [RANDOM] PASSED [Match #81]: status=STATUS_CONVERGED, sweeps=3, f*=0.0089
#10 [RANDOM] PASSED [Match #100]: status=STATUS_CONVERGED, sweeps=11, f*=0.0018
#11 [RANDOM] PASSED [Match #123]: status=STATUS_MAX_ITERS, sweeps=10, f*=0.0002
#12 [RANDOM] PASSED [Match #140]: status=STATUS_CONVERGED, sweeps=3, f*=0.0052
#13 [RANDOM] PASSED [Match #161]: status=STATUS_CONVERGED, sweeps=6, f*=0.0052
#14 [RANDOM] PASSED [Match #178]: status=STATUS_CONVERGED, sweeps=4, f*=0.0095
#15 [RESET] PASSED [Match #2316]: status=STATUS_CONVERGED, sweeps=3, f*=0.0000
#16 [ROSENBROCK] PASSED [Match #33]: status=STATUS_CONVERGED, sweeps=10, f*=0.6667
#17 [TAPEOUT] PASSED [Match #65]: status=STATUS_CONVERGED, sweeps=3, f*=0.0000
#18 [TAPEOUT] PASSED [Match #142]: status=STATUS_CONVERGED, sweeps=3, f*=0.0000
#19 [TAPEOUT] PASSED [Match #243]: status=STATUS_CONVERGED, sweeps=3, f*=0.0000
#20 [TAPEOUT] PASSED [Match #272]: status=STATUS_CONVERGED, sweeps=7, f*=0.0000
#21 [TAPEOUT] PASSED [Match #313]: status=STATUS_CONVERGED, sweeps=7, f*=0.0000
#22 [TAPEOUT] PASSED [Match #366]: status=STATUS_CONVERGED, sweeps=7, f*=0.0000
#23 [TAPEOUT] PASSED [Match #399]: status=STATUS_CONVERGED, sweeps=34, f*=0.6666
#24 [TAPEOUT] PASSED [Match #464]: status=STATUS_MAX_ITERS, sweeps=1, f*=57.6872
#25 [TAPEOUT] PASSED [Match #571]: status=STATUS_MAX_ITERS, sweeps=1, f*=39.8236
#26 [TAPEOUT] PASSED [Match #606]: status=STATUS_MAX_ITERS, sweeps=1, f*=12.5462
#27 [TAPEOUT] PASSED [Match #665]: status=STATUS_MAX_ITERS, sweeps=1, f*=21.6387
#28 [TAPEOUT] PASSED [Match #698]: status=STATUS_CONVERGED, sweeps=4, f*=0.0000
#29 [TAPEOUT] PASSED [Match #713]: status=STATUS_MAX_ITERS, sweeps=1, f*=13.5000
#30 [TAPEOUT] PASSED [Match #728]: status=STATUS_MAX_ITERS, sweeps=4, f*=3.0760
#31 [TAPEOUT] PASSED [Match #743]: status=STATUS_MAX_ITERS, sweeps=15, f*=0.0898
#32 [TAPEOUT] PASSED [Match #758]: status=STATUS_CONVERGED, sweeps=22, f*=0.0091
#33 [TAPEOUT] PASSED [Match #773]: status=STATUS_MAX_ITERS, sweeps=1, f*=13.5000
#34 [TAPEOUT] PASSED [Match #788]: status=STATUS_MAX_ITERS, sweeps=4, f*=3.0760
#35 [TAPEOUT] PASSED [Match #803]: status=STATUS_MAX_ITERS, sweeps=15, f*=0.0898
#36 [TAPEOUT] PASSED [Match #818]: status=STATUS_MAX_ITERS, sweeps=25, f*=0.0051
#37 [TAPEOUT] PASSED [Match #833]: status=STATUS_MAX_ITERS, sweeps=1, f*=13.5000
#38 [TAPEOUT] PASSED [Match #848]: status=STATUS_MAX_ITERS, sweeps=4, f*=3.0760
#39 [TAPEOUT] PASSED [Match #863]: status=STATUS_MAX_ITERS, sweeps=15, f*=0.0898
#40 [TAPEOUT] PASSED [Match #878]: status=STATUS_CONVERGED, sweeps=22, f*=0.0091
#41 [TAPEOUT] PASSED [Match #893]: status=STATUS_MAX_ITERS, sweeps=1, f*=13.5000
#42 [TAPEOUT] PASSED [Match #908]: status=STATUS_MAX_ITERS, sweeps=4, f*=3.0760
#43 [TAPEOUT] PASSED [Match #923]: status=STATUS_MAX_ITERS, sweeps=15, f*=0.0898
#44 [TAPEOUT] PASSED [Match #938]: status=STATUS_CONVERGED, sweeps=18, f*=0.0286
#45 [TAPEOUT] PASSED [Match #953]: status=STATUS_MAX_ITERS, sweeps=1, f*=13.5000
#46 [TAPEOUT] PASSED [Match #968]: status=STATUS_CONVERGED, sweeps=4, f*=0.0000
#47 [TAPEOUT] PASSED [Match #983]: status=STATUS_CONVERGED, sweeps=4, f*=0.0000
#48 [TAPEOUT] PASSED [Match #998]: status=STATUS_CONVERGED, sweeps=4, f*=0.0000
#49 [TAPEOUT] PASSED [Match #1013]: status=STATUS_MAX_ITERS, sweeps=1, f*=13.5000
#50 [TAPEOUT] PASSED [Match #1028]: status=STATUS_MAX_ITERS, sweeps=4, f*=3.0760
#51 [TAPEOUT] PASSED [Match #1043]: status=STATUS_MAX_ITERS, sweeps=15, f*=0.0898
#52 [TAPEOUT] PASSED [Match #1058]: status=STATUS_MAX_ITERS, sweeps=25, f*=0.0051
#53 [TAPEOUT] PASSED [Match #1073]: status=STATUS_MAX_ITERS, sweeps=1, f*=13.5000
#54 [TAPEOUT] PASSED [Match #1088]: status=STATUS_MAX_ITERS, sweeps=4, f*=0.4451
#55 [TAPEOUT] PASSED [Match #1103]: status=STATUS_MAX_ITERS, sweeps=15, f*=0.0003
#56 [TAPEOUT] PASSED [Match #1118]: status=STATUS_CONVERGED, sweeps=18, f*=0.0000
#57 [TAPEOUT] PASSED [Match #1133]: status=STATUS_MAX_ITERS, sweeps=1, f*=13.5000
#58 [TAPEOUT] PASSED [Match #1148]: status=STATUS_MAX_ITERS, sweeps=4, f*=0.0231
#59 [TAPEOUT] PASSED [Match #1163]: status=STATUS_CONVERGED, sweeps=10, f*=0.0000
#60 [TAPEOUT] PASSED [Match #1178]: status=STATUS_CONVERGED, sweeps=10, f*=0.0000
#61 [TAPEOUT] PASSED [Match #1193]: status=STATUS_MAX_ITERS, sweeps=1, f*=13.5000
#62 [TAPEOUT] PASSED [Match #1208]: status=STATUS_CONVERGED, sweeps=4, f*=0.0000
#63 [TAPEOUT] PASSED [Match #1223]: status=STATUS_CONVERGED, sweeps=4, f*=0.0000
#64 [TAPEOUT] PASSED [Match #1238]: status=STATUS_CONVERGED, sweeps=4, f*=0.0000
#65 [TAPEOUT] PASSED [Match #1265]: status=STATUS_MAX_ITERS, sweeps=25, f*=1.9338
#66 [TAPEOUT] PASSED [Match #1280]: status=STATUS_MAX_ITERS, sweeps=25, f*=0.0820
#67 [TAPEOUT] PASSED [Match #1295]: status=STATUS_MAX_ITERS, sweeps=25, f*=0.0063
#68 [TAPEOUT] PASSED [Match #1310]: status=STATUS_MAX_ITERS, sweeps=15, f*=0.0214
#69 [TAPEOUT] PASSED [Match #1325]: status=STATUS_MAX_ITERS, sweeps=25, f*=0.0009
#70 [TAPEOUT] PASSED [Match #1340]: status=STATUS_MAX_ITERS, sweeps=15, f*=0.0214
#71 [TAPEOUT] PASSED [Match #1355]: status=STATUS_MAX_ITERS, sweeps=25, f*=0.0009
#72 [TAPEOUT] PASSED [Match #1374]: status=STATUS_MAX_ITERS, sweeps=5, f*=-2.0000
#73 [TAPEOUT] PASSED [Match #1441]: status=STATUS_CONVERGED, sweeps=2, f*=-1520.1533
#74 [TAPEOUT] PASSED [Match #1480]: status=STATUS_CONVERGED, sweeps=1, f*=-64.0000
#75 [TAPEOUT] PASSED [Match #1501]: status=STATUS_CONVERGED, sweeps=4, f*=0.0000
#76 [TAPEOUT] PASSED [Match #1576]: status=STATUS_CONVERGED, sweeps=1, f*=21831.3333
#77 [TAPEOUT] PASSED [Match #1619]: status=STATUS_CONVERGED, sweeps=1, f*=-21859.3335
#78 [TAPEOUT] PASSED [Match #1662]: status=STATUS_CONVERGED, sweeps=1, f*=-14.0000
#79 [TAPEOUT] PASSED [Match #1707]: status=STATUS_CONVERGED, sweeps=1, f*=16392.0000
#80 [TAPEOUT] PASSED [Match #1730]: status=STATUS_MAX_ITERS, sweeps=2, f*=1.3389
#81 [TAPEOUT] PASSED [Match #1745]: status=STATUS_MAX_ITERS, sweeps=2, f*=1.6673
#82 [TAPEOUT] PASSED [Match #1760]: status=STATUS_MAX_ITERS, sweeps=2, f*=4.5000
#83 [TAPEOUT] PASSED [Match #1775]: status=STATUS_MAX_ITERS, sweeps=2, f*=9.1837
#84 [TAPEOUT] PASSED [Match #1790]: status=STATUS_MAX_ITERS, sweeps=2, f*=12.5000
#85 [TAPEOUT] PASSED [Match #1805]: status=STATUS_MAX_ITERS, sweeps=2, f*=14.8761
#86 [TAPEOUT] PASSED [Match #1820]: status=STATUS_MAX_ITERS, sweeps=2, f*=16.3266
#87 [TAPEOUT] PASSED [Match #1835]: status=STATUS_MAX_ITERS, sweeps=2, f*=17.1327
#88 [TAPEOUT] PASSED [Match #1850]: status=STATUS_MAX_ITERS, sweeps=2, f*=17.5583

================================================================================
