================================================================================
              SCOREBOARD DETAILED TRANSACTION AUDIT REPORT
================================================================================
  Total Verified Transactions: 125
--------------------------------------------------------------------------------

#01 [CORNER] PASSED [Match #23]: status=STATUS_CONVERGED, sweeps=4, f*=0.0000
#02 [CORNER] PASSED [Match #38]: status=STATUS_MAX_ITERS, sweeps=1, f*=32.0000
#03 [CORNER] PASSED [Match #53]: status=STATUS_CONVERGED, sweeps=1, f*=0.0000
#04 [CORNER] PASSED [Match #160]: status=STATUS_CONVERGED, sweeps=3, f*=0.0000
#05 [CORNER] PASSED [Match #219]: status=STATUS_CONVERGED, sweeps=5, f*=0.0000
#06 [CORNER] PASSED [Match #254]: status=STATUS_CONVERGED, sweeps=12, f*=0.0000
#07 [QUAD] PASSED [Match #23]: status=STATUS_CONVERGED, sweeps=4, f*=0.0000
#08 [QUAD] PASSED [Match #58]: status=STATUS_CONVERGED, sweeps=3, f*=0.0000
#09 [QUAD] PASSED [Match #117]: status=STATUS_CONVERGED, sweeps=6, f*=0.0000
#10 [QUAD] PASSED [Match #224]: status=STATUS_CONVERGED, sweeps=7, f*=0.0003
#11 [QUAD] PASSED [Match #247]: status=STATUS_MAX_ITERS, sweeps=1, f*=32.0000
#12 [QUAD] PASSED [Match #262]: status=STATUS_CONVERGED, sweeps=4, f*=0.0000
#13 [RANDOM] PASSED [Match #35]: status=STATUS_MAX_ITERS, sweeps=1, f*=40.5050
#14 [RANDOM] PASSED [Match #118]: status=STATUS_CONVERGED, sweeps=3, f*=0.0000
#15 [RANDOM] PASSED [Match #177]: status=STATUS_CONVERGED, sweeps=3, f*=0.0000
#16 [RANDOM] PASSED [Match #260]: status=STATUS_CONVERGED, sweeps=3, f*=0.0000
#17 [RANDOM] PASSED [Match #295]: status=STATUS_MAX_ITERS, sweeps=1, f*=24.6911
#18 [RANDOM] PASSED [Match #378]: status=STATUS_CONVERGED, sweeps=3, f*=0.0000
#19 [RANDOM] PASSED [Match #485]: status=STATUS_CONVERGED, sweeps=3, f*=0.0000
#20 [RANDOM] PASSED [Match #568]: status=STATUS_CONVERGED, sweeps=3, f*=0.0000
#21 [RANDOM] PASSED [Match #627]: status=STATUS_MAX_ITERS, sweeps=1, f*=73.7608
#22 [RANDOM] PASSED [Match #662]: status=STATUS_CONVERGED, sweeps=3, f*=0.0000
#23 [RANDOM] PASSED [Match #685]: status=STATUS_CONVERGED, sweeps=2, f*=0.0022
#24 [RANDOM] PASSED [Match #768]: status=STATUS_CONVERGED, sweeps=3, f*=0.0000
#25 [RANDOM] PASSED [Match #827]: status=STATUS_MAX_ITERS, sweeps=1, f*=73.9673
#26 [RANDOM] PASSED [Match #934]: status=STATUS_CONVERGED, sweeps=3, f*=0.0000
#27 [RANDOM] PASSED [Match #957]: status=STATUS_CONVERGED, sweeps=8, f*=0.0095
#28 [RANDOM] PASSED [Match #1064]: status=STATUS_CONVERGED, sweeps=10, f*=0.0001
#29 [RANDOM] PASSED [Match #1171]: status=STATUS_MAX_ITERS, sweeps=1, f*=73.1383
#30 [RANDOM] PASSED [Match #1206]: status=STATUS_CONVERGED, sweeps=3, f*=0.0000
#31 [RANDOM] PASSED [Match #1229]: status=STATUS_MAX_ITERS, sweeps=5, f*=1.2974
#32 [RANDOM] PASSED [Match #1312]: status=STATUS_CONVERGED, sweeps=3, f*=0.0000
#33 [RANDOM] PASSED [Match #1395]: status=STATUS_MAX_ITERS, sweeps=1, f*=58.3609
#34 [RANDOM] PASSED [Match #1478]: status=STATUS_CONVERGED, sweeps=3, f*=0.0000
#35 [RANDOM] PASSED [Match #1513]: status=STATUS_CONVERGED, sweeps=3, f*=0.0000
#36 [RESET] PASSED [Match #2316]: status=STATUS_CONVERGED, sweeps=3, f*=0.0000
#37 [RESET] PASSED [Match #2339]: status=STATUS_CONVERGED, sweeps=8, f*=0.0000
#38 [RESET] PASSED [Match #2398]: status=STATUS_CONVERGED, sweeps=8, f*=0.0002
#39 [RESET] PASSED [Match #2505]: status=STATUS_CONVERGED, sweeps=3, f*=0.0000
#40 [RESET] PASSED [Match #2528]: status=STATUS_MAX_ITERS, sweeps=1, f*=18.0000
#41 [RESET] PASSED [Match #2543]: status=STATUS_CONVERGED, sweeps=4, f*=0.0000
#42 [ROSENBROCK] PASSED [Match #33]: status=STATUS_CONVERGED, sweeps=10, f*=0.6667
#43 [ROSENBROCK] PASSED [Match #66]: status=STATUS_CONVERGED, sweeps=8, f*=-0.0000
#44 [ROSENBROCK] PASSED [Match #105]: status=STATUS_CONVERGED, sweeps=8, f*=0.0002
#45 [ROSENBROCK] PASSED [Match #138]: status=STATUS_MAX_ITERS, sweeps=1, f*=6.0000
#46 [ROSENBROCK] PASSED [Match #201]: status=STATUS_CONVERGED, sweeps=3, f*=-0.0000
#47 [ROSENBROCK] PASSED [Match #308]: status=STATUS_CONVERGED, sweeps=3, f*=0.0000
#48 [ROSENBROCK] PASSED [Match #323]: status=STATUS_CONVERGED, sweeps=4, f*=0.0078
#49 [STRESS] PASSED [Match #988]: status=STATUS_CONVERGED, sweeps=4, f*=0.0000
#50 [STRESS] PASSED [Match #1023]: status=STATUS_MAX_ITERS, sweeps=1, f*=28.2291
#51 [STRESS] PASSED [Match #1082]: status=STATUS_CONVERGED, sweeps=8, f*=0.0002
#52 [STRESS] PASSED [Match #1189]: status=STATUS_CONVERGED, sweeps=3, f*=0.0000
#53 [STRESS] PASSED [Match #1204]: status=STATUS_CONVERGED, sweeps=4, f*=0.0078
#54 [TAPEOUT] PASSED [Match #65]: status=STATUS_CONVERGED, sweeps=3, f*=0.0000
#55 [TAPEOUT] PASSED [Match #142]: status=STATUS_CONVERGED, sweeps=3, f*=0.0000
#56 [TAPEOUT] PASSED [Match #243]: status=STATUS_CONVERGED, sweeps=3, f*=0.0000
#57 [TAPEOUT] PASSED [Match #272]: status=STATUS_CONVERGED, sweeps=7, f*=0.0000
#58 [TAPEOUT] PASSED [Match #313]: status=STATUS_CONVERGED, sweeps=7, f*=0.0000
#59 [TAPEOUT] PASSED [Match #366]: status=STATUS_CONVERGED, sweeps=7, f*=0.0000
#60 [TAPEOUT] PASSED [Match #399]: status=STATUS_CONVERGED, sweeps=34, f*=0.6666
#61 [TAPEOUT] PASSED [Match #464]: status=STATUS_MAX_ITERS, sweeps=1, f*=57.6872
#62 [TAPEOUT] PASSED [Match #571]: status=STATUS_MAX_ITERS, sweeps=1, f*=39.8236
#63 [TAPEOUT] PASSED [Match #606]: status=STATUS_MAX_ITERS, sweeps=1, f*=12.5462
#64 [TAPEOUT] PASSED [Match #665]: status=STATUS_MAX_ITERS, sweeps=1, f*=21.6387
#65 [TAPEOUT] PASSED [Match #698]: status=STATUS_CONVERGED, sweeps=4, f*=0.0000
#66 [TAPEOUT] PASSED [Match #713]: status=STATUS_MAX_ITERS, sweeps=1, f*=13.5000
#67 [TAPEOUT] PASSED [Match #728]: status=STATUS_MAX_ITERS, sweeps=4, f*=3.0760
#68 [TAPEOUT] PASSED [Match #743]: status=STATUS_MAX_ITERS, sweeps=15, f*=0.0898
#69 [TAPEOUT] PASSED [Match #758]: status=STATUS_CONVERGED, sweeps=22, f*=0.0091
#70 [TAPEOUT] PASSED [Match #773]: status=STATUS_MAX_ITERS, sweeps=1, f*=13.5000
#71 [TAPEOUT] PASSED [Match #788]: status=STATUS_MAX_ITERS, sweeps=4, f*=3.0760
#72 [TAPEOUT] PASSED [Match #803]: status=STATUS_MAX_ITERS, sweeps=15, f*=0.0898
#73 [TAPEOUT] PASSED [Match #818]: status=STATUS_MAX_ITERS, sweeps=25, f*=0.0051
#74 [TAPEOUT] PASSED [Match #833]: status=STATUS_MAX_ITERS, sweeps=1, f*=13.5000
#75 [TAPEOUT] PASSED [Match #848]: status=STATUS_MAX_ITERS, sweeps=4, f*=3.0760
#76 [TAPEOUT] PASSED [Match #863]: status=STATUS_MAX_ITERS, sweeps=15, f*=0.0898
#77 [TAPEOUT] PASSED [Match #878]: status=STATUS_CONVERGED, sweeps=22, f*=0.0091
#78 [TAPEOUT] PASSED [Match #893]: status=STATUS_MAX_ITERS, sweeps=1, f*=13.5000
#79 [TAPEOUT] PASSED [Match #908]: status=STATUS_MAX_ITERS, sweeps=4, f*=3.0760
#80 [TAPEOUT] PASSED [Match #923]: status=STATUS_MAX_ITERS, sweeps=15, f*=0.0898
#81 [TAPEOUT] PASSED [Match #938]: status=STATUS_CONVERGED, sweeps=18, f*=0.0286
#82 [TAPEOUT] PASSED [Match #953]: status=STATUS_MAX_ITERS, sweeps=1, f*=13.5000
#83 [TAPEOUT] PASSED [Match #968]: status=STATUS_CONVERGED, sweeps=4, f*=0.0000
#84 [TAPEOUT] PASSED [Match #983]: status=STATUS_CONVERGED, sweeps=4, f*=0.0000
#85 [TAPEOUT] PASSED [Match #998]: status=STATUS_CONVERGED, sweeps=4, f*=0.0000
#86 [TAPEOUT] PASSED [Match #1013]: status=STATUS_MAX_ITERS, sweeps=1, f*=13.5000
#87 [TAPEOUT] PASSED [Match #1028]: status=STATUS_MAX_ITERS, sweeps=4, f*=3.0760
#88 [TAPEOUT] PASSED [Match #1043]: status=STATUS_MAX_ITERS, sweeps=15, f*=0.0898
#89 [TAPEOUT] PASSED [Match #1058]: status=STATUS_MAX_ITERS, sweeps=25, f*=0.0051
#90 [TAPEOUT] PASSED [Match #1073]: status=STATUS_MAX_ITERS, sweeps=1, f*=13.5000
#91 [TAPEOUT] PASSED [Match #1088]: status=STATUS_MAX_ITERS, sweeps=4, f*=0.4451
#92 [TAPEOUT] PASSED [Match #1103]: status=STATUS_MAX_ITERS, sweeps=15, f*=0.0003
#93 [TAPEOUT] PASSED [Match #1118]: status=STATUS_CONVERGED, sweeps=18, f*=0.0000
#94 [TAPEOUT] PASSED [Match #1133]: status=STATUS_MAX_ITERS, sweeps=1, f*=13.5000
#95 [TAPEOUT] PASSED [Match #1148]: status=STATUS_MAX_ITERS, sweeps=4, f*=0.0231
#96 [TAPEOUT] PASSED [Match #1163]: status=STATUS_CONVERGED, sweeps=10, f*=0.0000
#97 [TAPEOUT] PASSED [Match #1178]: status=STATUS_CONVERGED, sweeps=10, f*=0.0000
#98 [TAPEOUT] PASSED [Match #1193]: status=STATUS_MAX_ITERS, sweeps=1, f*=13.5000
#99 [TAPEOUT] PASSED [Match #1208]: status=STATUS_CONVERGED, sweeps=4, f*=0.0000
#100 [TAPEOUT] PASSED [Match #1223]: status=STATUS_CONVERGED, sweeps=4, f*=0.0000
#101 [TAPEOUT] PASSED [Match #1238]: status=STATUS_CONVERGED, sweeps=4, f*=0.0000
#102 [TAPEOUT] PASSED [Match #1265]: status=STATUS_MAX_ITERS, sweeps=25, f*=1.9338
#103 [TAPEOUT] PASSED [Match #1280]: status=STATUS_MAX_ITERS, sweeps=25, f*=0.0820
#104 [TAPEOUT] PASSED [Match #1295]: status=STATUS_MAX_ITERS, sweeps=25, f*=0.0063
#105 [TAPEOUT] PASSED [Match #1310]: status=STATUS_MAX_ITERS, sweeps=15, f*=0.0214
#106 [TAPEOUT] PASSED [Match #1325]: status=STATUS_MAX_ITERS, sweeps=25, f*=0.0009
#107 [TAPEOUT] PASSED [Match #1340]: status=STATUS_MAX_ITERS, sweeps=15, f*=0.0214
#108 [TAPEOUT] PASSED [Match #1355]: status=STATUS_MAX_ITERS, sweeps=25, f*=0.0009
#109 [TAPEOUT] PASSED [Match #1374]: status=STATUS_MAX_ITERS, sweeps=5, f*=-2.0000
#110 [TAPEOUT] PASSED [Match #1441]: status=STATUS_CONVERGED, sweeps=2, f*=-1520.1533
#111 [TAPEOUT] PASSED [Match #1480]: status=STATUS_CONVERGED, sweeps=1, f*=-64.0000
#112 [TAPEOUT] PASSED [Match #1501]: status=STATUS_CONVERGED, sweeps=4, f*=0.0000
#113 [TAPEOUT] PASSED [Match #1576]: status=STATUS_CONVERGED, sweeps=1, f*=21831.3333
#114 [TAPEOUT] PASSED [Match #1619]: status=STATUS_CONVERGED, sweeps=1, f*=-21859.3335
#115 [TAPEOUT] PASSED [Match #1662]: status=STATUS_CONVERGED, sweeps=1, f*=-14.0000
#116 [TAPEOUT] PASSED [Match #1707]: status=STATUS_CONVERGED, sweeps=1, f*=16392.0000
#117 [TAPEOUT] PASSED [Match #1730]: status=STATUS_MAX_ITERS, sweeps=2, f*=1.3389
#118 [TAPEOUT] PASSED [Match #1745]: status=STATUS_MAX_ITERS, sweeps=2, f*=1.6673
#119 [TAPEOUT] PASSED [Match #1760]: status=STATUS_MAX_ITERS, sweeps=2, f*=4.5000
#120 [TAPEOUT] PASSED [Match #1775]: status=STATUS_MAX_ITERS, sweeps=2, f*=9.1837
#121 [TAPEOUT] PASSED [Match #1790]: status=STATUS_MAX_ITERS, sweeps=2, f*=12.5000
#122 [TAPEOUT] PASSED [Match #1805]: status=STATUS_MAX_ITERS, sweeps=2, f*=14.8761
#123 [TAPEOUT] PASSED [Match #1820]: status=STATUS_MAX_ITERS, sweeps=2, f*=16.3266
#124 [TAPEOUT] PASSED [Match #1835]: status=STATUS_MAX_ITERS, sweeps=2, f*=17.1327
#125 [TAPEOUT] PASSED [Match #1850]: status=STATUS_MAX_ITERS, sweeps=2, f*=17.5583

================================================================================
