Information: Changed wire load model for 'q16_divider_1' from '(none)' to 'ForQA'. (OPT-170)
Information: Changed wire load model for 'q16_divider_0' from '(none)' to 'ForQA'. (OPT-170)
Information: Changed wire load model for 'q16_alu' from '(none)' to 'ForQA'. (OPT-170)
Information: Changed wire load model for 'dfg_multivar_engine' from '(none)' to 'ForQA'. (OPT-170)
Information: Changed wire load model for 'newton_2var_core' from '(none)' to 'ForQA'. (OPT-170)
Information: Changed wire load model for 'newton_bcd_top' from '(none)' to 'ForQA'. (OPT-170)
Module: DW01_cmp2_width12, Ports: 28, Input: 26, Output: 2, Inout: 0
Module: DW01_cmp2_width12, Registers: 0, Async set/reset: 0, Sync set/reset: 0
Module: DW01_sub_width13, Ports: 41, Input: 27, Output: 14, Inout: 0
Module: DW01_sub_width13, Registers: 0, Async set/reset: 0, Sync set/reset: 0
Module: DW01_sub_width13, Ports: 41, Input: 27, Output: 14, Inout: 0
Module: DW01_sub_width13, Registers: 0, Async set/reset: 0, Sync set/reset: 0
Module: DW01_ash_A_width543_SH_width10, Ports: 1098, Input: 555, Output: 543, Inout: 0
Module: DW01_ash_A_width543_SH_width10, Registers: 0, Async set/reset: 0, Sync set/reset: 0
Module: DW01_ash_A_width543_SH_width10, Elapsed Time: 00:00:02, CPU Time: 00:00:02, Total Mem: 436.28 MB, Mem: 134.26 MB, Time: Wed Sep 23 15:20:40 2026
Module: DW_rash_A_width543_SH_width9, Ports: 1097, Input: 554, Output: 543, Inout: 0
Module: DW_rash_A_width543_SH_width9, Registers: 0, Async set/reset: 0, Sync set/reset: 0
Module: DW01_add_width32, Ports: 98, Input: 65, Output: 33, Inout: 0
Module: DW01_add_width32, Registers: 0, Async set/reset: 0, Sync set/reset: 0
Module: DW01_add_width32, Ports: 98, Input: 65, Output: 33, Inout: 0
Module: DW01_add_width32, Registers: 0, Async set/reset: 0, Sync set/reset: 0
Module: DW01_cmp2_width32, Ports: 68, Input: 66, Output: 2, Inout: 0
Module: DW01_cmp2_width32, Registers: 0, Async set/reset: 0, Sync set/reset: 0
Module: DW01_sub_width32, Ports: 98, Input: 65, Output: 33, Inout: 0
Module: DW01_sub_width32, Registers: 0, Async set/reset: 0, Sync set/reset: 0
Module: DW01_sub_width32, Ports: 98, Input: 65, Output: 33, Inout: 0
Module: DW01_sub_width32, Registers: 0, Async set/reset: 0, Sync set/reset: 0
Module: DW01_add_width6, Ports: 20, Input: 13, Output: 7, Inout: 0
Module: DW01_add_width6, Registers: 0, Async set/reset: 0, Sync set/reset: 0
Module: DW01_add_width6, Ports: 20, Input: 13, Output: 7, Inout: 0
Module: DW01_add_width6, Registers: 0, Async set/reset: 0, Sync set/reset: 0
Module: DW01_cmp2_width6, Ports: 16, Input: 14, Output: 2, Inout: 0
Module: DW01_cmp2_width6, Registers: 0, Async set/reset: 0, Sync set/reset: 0
Module: DW01_cmp2_width5, Ports: 14, Input: 12, Output: 2, Inout: 0
Module: DW01_cmp2_width5, Registers: 0, Async set/reset: 0, Sync set/reset: 0
Module: DW01_add_width5, Ports: 17, Input: 11, Output: 6, Inout: 0
Module: DW01_add_width5, Registers: 0, Async set/reset: 0, Sync set/reset: 0
Module: DW01_add_width5, Ports: 17, Input: 11, Output: 6, Inout: 0
Module: DW01_add_width5, Registers: 0, Async set/reset: 0, Sync set/reset: 0
Module: DW01_dec_width5, Ports: 10, Input: 5, Output: 5, Inout: 0
Module: DW01_dec_width5, Registers: 0, Async set/reset: 0, Sync set/reset: 0
Module: DW01_inc_width8, Ports: 16, Input: 8, Output: 8, Inout: 0
Module: DW01_inc_width8, Registers: 0, Async set/reset: 0, Sync set/reset: 0
Module: DW01_cmp2_width8, Ports: 20, Input: 18, Output: 2, Inout: 0
Module: DW01_cmp2_width8, Registers: 0, Async set/reset: 0, Sync set/reset: 0
Module: DW01_sub_width29, Ports: 89, Input: 59, Output: 30, Inout: 0
Module: DW01_sub_width29, Registers: 0, Async set/reset: 0, Sync set/reset: 0
Module: DW01_sub_width29, Ports: 89, Input: 59, Output: 30, Inout: 0
Module: DW01_sub_width29, Registers: 0, Async set/reset: 0, Sync set/reset: 0
Module: DW01_sub_width24, Ports: 74, Input: 49, Output: 25, Inout: 0
Module: DW01_sub_width24, Registers: 0, Async set/reset: 0, Sync set/reset: 0
Module: DW01_sub_width24, Ports: 74, Input: 49, Output: 25, Inout: 0
Module: DW01_sub_width24, Registers: 0, Async set/reset: 0, Sync set/reset: 0
Module: DW01_add_width24, Ports: 74, Input: 49, Output: 25, Inout: 0
Module: DW01_add_width24, Registers: 0, Async set/reset: 0, Sync set/reset: 0
Module: DW01_add_width24, Ports: 74, Input: 49, Output: 25, Inout: 0
Module: DW01_add_width24, Registers: 0, Async set/reset: 0, Sync set/reset: 0
Module: DW02_mult_A_width32_B_width32, Ports: 129, Input: 65, Output: 64, Inout: 0
Module: DW02_mult_A_width32_B_width32, Registers: 0, Async set/reset: 0, Sync set/reset: 0
  Allocating blocks in 'DW02_mult_A_width32_B_width32'
Module: DW01_MUX, Ports: 4, Input: 3, Output: 1, Inout: 0
Module: DW01_MUX, Registers: 0, Async set/reset: 0, Sync set/reset: 0
Module: DW01_mmux_width2, Ports: 7, Input: 5, Output: 2, Inout: 0
Module: DW01_mmux_width2, Registers: 0, Async set/reset: 0, Sync set/reset: 0
Module: DW01_mmux_width3, Ports: 10, Input: 7, Output: 3, Inout: 0
Module: DW01_mmux_width3, Registers: 0, Async set/reset: 0, Sync set/reset: 0
Module: DW01_mmux_width4, Ports: 13, Input: 9, Output: 4, Inout: 0
Module: DW01_mmux_width4, Registers: 0, Async set/reset: 0, Sync set/reset: 0
Module: DW01_mmux_width5, Ports: 16, Input: 11, Output: 5, Inout: 0
Module: DW01_mmux_width5, Registers: 0, Async set/reset: 0, Sync set/reset: 0
Module: DW01_add_width62, Ports: 188, Input: 125, Output: 63, Inout: 0
Module: DW01_add_width62, Registers: 0, Async set/reset: 0, Sync set/reset: 0
Module: DW01_sub_width26, Ports: 80, Input: 53, Output: 27, Inout: 0
Module: DW01_sub_width26, Registers: 0, Async set/reset: 0, Sync set/reset: 0
Module: DW01_sub_width26, Ports: 80, Input: 53, Output: 27, Inout: 0
Module: DW01_sub_width26, Registers: 0, Async set/reset: 0, Sync set/reset: 0
Module: DW01_add_width26, Ports: 80, Input: 53, Output: 27, Inout: 0
Module: DW01_add_width26, Registers: 0, Async set/reset: 0, Sync set/reset: 0
Module: DW01_add_width26, Ports: 80, Input: 53, Output: 27, Inout: 0
Module: DW01_add_width26, Registers: 0, Async set/reset: 0, Sync set/reset: 0
Module: DW01_inc_width6, Ports: 12, Input: 6, Output: 6, Inout: 0
Module: DW01_inc_width6, Registers: 0, Async set/reset: 0, Sync set/reset: 0
Module: DW01_sub_width31, Ports: 95, Input: 63, Output: 32, Inout: 0
Module: DW01_sub_width31, Registers: 0, Async set/reset: 0, Sync set/reset: 0
Module: DW01_sub_width31, Ports: 95, Input: 63, Output: 32, Inout: 0
Module: DW01_sub_width31, Registers: 0, Async set/reset: 0, Sync set/reset: 0
Module: DW01_dec_width6, Ports: 12, Input: 6, Output: 6, Inout: 0
Module: DW01_dec_width6, Registers: 0, Async set/reset: 0, Sync set/reset: 0
Module: DW01_cmp6_width17, Ports: 41, Input: 35, Output: 6, Inout: 0
Module: DW01_cmp6_width17, Registers: 0, Async set/reset: 0, Sync set/reset: 0
Information: Changed wire load model for 'DW01_sub_width13' from '(none)' to 'ForQA'. (OPT-170)
Information: Changed wire load model for '*SUB_UNS_OP_12_9_13' from '(none)' to 'ForQA'. (OPT-170)
Information: Changed wire load model for 'DW01_sub_width13' from '(none)' to 'ForQA'. (OPT-170)
Information: Changed wire load model for '*SUB_UNS_OP_12_9_13' from '(none)' to 'ForQA'. (OPT-170)
Information: Changed wire load model for 'DW01_ash_A_width543_SH_width10' from '(none)' to 'ForQA'. (OPT-170)
Information: Changed wire load model for '*ASH_UNS_UNS_OP_543_10_543' from '(none)' to 'ForQA'. (OPT-170)
Information: Changed wire load model for 'DW_rash_A_width543_SH_width9' from '(none)' to 'ForQA'. (OPT-170)
Information: Changed wire load model for '*ASHR_UNS_UNS_OP_543_9_543' from '(none)' to 'ForQA'. (OPT-170)
Information: Changed wire load model for 'DW01_cmp2_width12' from '(none)' to 'ForQA'. (OPT-170)
Information: Changed wire load model for '*LT_UNS_OP_12_9_1' from '(none)' to 'ForQA'. (OPT-170)
Information: Changed wire load model for 'DW01_cmp2_width12' from '(none)' to 'ForQA'. (OPT-170)
Information: Changed wire load model for '*LT_UNS_OP_12_9_1' from '(none)' to 'ForQA'. (OPT-170)
Information: Changed wire load model for 'DW01_cmp2_width12' from '(none)' to 'ForQA'. (OPT-170)
Information: Changed wire load model for '*LT_UNS_OP_12_9_1' from '(none)' to 'ForQA'. (OPT-170)
Information: Changed wire load model for 'DW01_dec_width5' from '(none)' to 'ForQA'. (OPT-170)
Information: Changed wire load model for '*SUB_UNS_OP_5_1_5' from '(none)' to 'ForQA'. (OPT-170)
Information: Changed wire load model for 'DW01_add_width32' from '(none)' to 'ForQA'. (OPT-170)
Information: Changed wire load model for '*ADD_TC_OP_32_32_32' from '(none)' to 'ForQA'. (OPT-170)
Information: Changed wire load model for 'DW01_add_width5' from '(none)' to 'ForQA'. (OPT-170)
Information: Changed wire load model for '*ADD_UNS_OP_5_2_5' from '(none)' to 'ForQA'. (OPT-170)
Information: Changed wire load model for 'DW01_add_width5' from '(none)' to 'ForQA'. (OPT-170)
Information: Changed wire load model for '*ADD_UNS_OP_5_2_5' from '(none)' to 'ForQA'. (OPT-170)
Information: Changed wire load model for 'DW01_sub_width32' from '(none)' to 'ForQA'. (OPT-170)
Information: Changed wire load model for '*SUB_TC_OP_1_32_32' from '(none)' to 'ForQA'. (OPT-170)
Information: Changed wire load model for 'DW01_sub_width32' from '(none)' to 'ForQA'. (OPT-170)
Information: Changed wire load model for '*SUB_TC_OP_1_32_32' from '(none)' to 'ForQA'. (OPT-170)
Information: Changed wire load model for 'DW01_add_width32' from '(none)' to 'ForQA'. (OPT-170)
Information: Changed wire load model for '*ADD_TC_OP_32_32_32' from '(none)' to 'ForQA'. (OPT-170)
Information: Changed wire load model for 'DW01_inc_width8' from '(none)' to 'ForQA'. (OPT-170)
Information: Changed wire load model for '*ADD_UNS_OP_8_1_8' from '(none)' to 'ForQA'. (OPT-170)
Information: Changed wire load model for 'DW01_inc_width8' from '(none)' to 'ForQA'. (OPT-170)
Information: Changed wire load model for '*ADD_UNS_OP_8_1_8' from '(none)' to 'ForQA'. (OPT-170)
Information: Changed wire load model for 'DW01_add_width6' from '(none)' to 'ForQA'. (OPT-170)
Information: Changed wire load model for '*ADD_UNS_OP_5_2_6' from '(none)' to 'ForQA'. (OPT-170)
Information: Changed wire load model for 'DW01_ash_A_width543_SH_width10' from '(none)' to 'ForQA'. (OPT-170)
Information: Changed wire load model for '*ASH_UNS_UNS_OP_543_10_543' from '(none)' to 'ForQA'. (OPT-170)
Information: Changed wire load model for 'DW_rash_A_width543_SH_width9' from '(none)' to 'ForQA'. (OPT-170)
Information: Changed wire load model for '*ASHR_UNS_UNS_OP_543_9_543' from '(none)' to 'ForQA'. (OPT-170)
Information: Changed wire load model for 'DW01_ash_A_width543_SH_width10' from '(none)' to 'ForQA'. (OPT-170)
Information: Changed wire load model for '*ASH_UNS_UNS_OP_543_10_543' from '(none)' to 'ForQA'. (OPT-170)
Information: Changed wire load model for 'DW_rash_A_width543_SH_width9' from '(none)' to 'ForQA'. (OPT-170)
Information: Changed wire load model for '*ASHR_UNS_UNS_OP_543_9_543' from '(none)' to 'ForQA'. (OPT-170)
Information: Changed wire load model for 'DW01_cmp2_width8' from '(none)' to 'ForQA'. (OPT-170)
Information: Changed wire load model for '*GEQ_UNS_OP_8_8_1' from '(none)' to 'ForQA'. (OPT-170)
Information: Changed wire load model for 'DW01_cmp2_width32' from '(none)' to 'ForQA'. (OPT-170)
Information: Changed wire load model for '*LEQ_TC_OP_32_32_1' from '(none)' to 'ForQA'. (OPT-170)
Information: Changed wire load model for 'DW01_cmp2_width5' from '(none)' to 'ForQA'. (OPT-170)
Information: Changed wire load model for '*LT_UNS_OP_5_5_1' from '(none)' to 'ForQA'. (OPT-170)
Information: Changed wire load model for 'DW01_cmp2_width5' from '(none)' to 'ForQA'. (OPT-170)
Information: Changed wire load model for '*GT_UNS_OP_5_2_1' from '(none)' to 'ForQA'. (OPT-170)
Information: Changed wire load model for 'DW01_cmp2_width6' from '(none)' to 'ForQA'. (OPT-170)
Information: Changed wire load model for '*LT_UNS_OP_6_5_1' from '(none)' to 'ForQA'. (OPT-170)
Information: Changed wire load model for 'DW01_cmp2_width32' from '(none)' to 'ForQA'. (OPT-170)
Information: Changed wire load model for '*GT_TC_OP_32_32_1' from '(none)' to 'ForQA'. (OPT-170)
Information: Changed wire load model for 'DW01_cmp2_width32' from '(none)' to 'ForQA'. (OPT-170)
Information: Changed wire load model for '*GT_TC_OP_32_32_1' from '(none)' to 'ForQA'. (OPT-170)
Information: Changed wire load model for 'DW01_cmp2_width32' from '(none)' to 'ForQA'. (OPT-170)
Information: Changed wire load model for '*GT_TC_OP_32_32_1' from '(none)' to 'ForQA'. (OPT-170)
Information: Changed wire load model for 'DW01_cmp2_width32' from '(none)' to 'ForQA'. (OPT-170)
Information: Changed wire load model for '*LT_TC_OP_32_1_1' from '(none)' to 'ForQA'. (OPT-170)
Information: Changed wire load model for 'DW01_cmp2_width32' from '(none)' to 'ForQA'. (OPT-170)
Information: Changed wire load model for '*LT_TC_OP_32_1_1' from '(none)' to 'ForQA'. (OPT-170)
Information: Changed wire load model for 'DW01_add_width32' from '(none)' to 'ForQA'. (OPT-170)
Information: Changed wire load model for '*ADD_TC_OP_32_32_32' from '(none)' to 'ForQA'. (OPT-170)
Information: Changed wire load model for 'DW01_add_width32' from '(none)' to 'ForQA'. (OPT-170)
Information: Changed wire load model for '*ADD_TC_OP_32_32_32' from '(none)' to 'ForQA'. (OPT-170)
Information: Changed wire load model for 'DW01_sub_width32' from '(none)' to 'ForQA'. (OPT-170)
Information: Changed wire load model for '*SUB_TC_OP_1_32_32' from '(none)' to 'ForQA'. (OPT-170)
Information: Changed wire load model for 'DW01_sub_width32' from '(none)' to 'ForQA'. (OPT-170)
Information: Changed wire load model for '*SUB_TC_OP_1_32_32' from '(none)' to 'ForQA'. (OPT-170)
Information: Changed wire load model for 'DW01_sub_width32' from '(none)' to 'ForQA'. (OPT-170)
Information: Changed wire load model for '*SUB_TC_OP_1_32_32' from '(none)' to 'ForQA'. (OPT-170)
Information: Changed wire load model for 'DW01_sub_width32' from '(none)' to 'ForQA'. (OPT-170)
Information: Changed wire load model for '*SUB_TC_OP_1_32_32' from '(none)' to 'ForQA'. (OPT-170)
Information: Changed wire load model for 'DW01_sub_width32' from '(none)' to 'ForQA'. (OPT-170)
Information: Changed wire load model for '*SUB_TC_OP_32_32_32' from '(none)' to 'ForQA'. (OPT-170)
Information: Changed wire load model for 'DW02_mult_A_width32_B_width32' from '(none)' to 'ForQA'. (OPT-170)
Information: Changed wire load model for '*MULT_TC_OP_32_32_48' from '(none)' to 'ForQA'. (OPT-170)
Information: Changed wire load model for 'DW02_mult_A_width32_B_width32' from '(none)' to 'ForQA'. (OPT-170)
Information: Changed wire load model for '*MULT_TC_OP_32_32_48' from '(none)' to 'ForQA'. (OPT-170)
Information: Changed wire load model for 'DW02_mult_A_width32_B_width32' from '(none)' to 'ForQA'. (OPT-170)
Information: Changed wire load model for '*MULT_TC_OP_32_32_48' from '(none)' to 'ForQA'. (OPT-170)
Information: Changed wire load model for 'DW02_mult_A_width32_B_width32' from '(none)' to 'ForQA'. (OPT-170)
Information: Changed wire load model for '*MULT_TC_OP_32_32_48' from '(none)' to 'ForQA'. (OPT-170)
Information: Changed wire load model for 'DW02_mult_A_width32_B_width32' from '(none)' to 'ForQA'. (OPT-170)
Information: Changed wire load model for '*MULT_TC_OP_32_32_48' from '(none)' to 'ForQA'. (OPT-170)
Information: Changed wire load model for 'DW02_mult_A_width32_B_width32' from '(none)' to 'ForQA'. (OPT-170)
Information: Changed wire load model for '*MULT_TC_OP_32_32_48' from '(none)' to 'ForQA'. (OPT-170)
Information: Changed wire load model for 'DW02_mult_A_width32_B_width32' from '(none)' to 'ForQA'. (OPT-170)
Information: Changed wire load model for '*MULT_TC_OP_32_32_48' from '(none)' to 'ForQA'. (OPT-170)
Information: Changed wire load model for 'DW02_mult_A_width32_B_width32' from '(none)' to 'ForQA'. (OPT-170)
Information: Changed wire load model for '*MULT_TC_OP_32_32_48' from '(none)' to 'ForQA'. (OPT-170)
Information: Changed wire load model for 'DW01_add_width32' from '(none)' to 'ForQA'. (OPT-170)
Information: Changed wire load model for '*ADD_TC_OP_32_14_32' from '(none)' to 'ForQA'. (OPT-170)
Information: Changed wire load model for 'DW01_sub_width32' from '(none)' to 'ForQA'. (OPT-170)
Information: Changed wire load model for '*SUB_TC_OP_32_14_32' from '(none)' to 'ForQA'. (OPT-170)
Information: Changed wire load model for 'DW01_sub_width32' from '(none)' to 'ForQA'. (OPT-170)
Information: Changed wire load model for '*SUB_TC_OP_32_14_32' from '(none)' to 'ForQA'. (OPT-170)
Information: Changed wire load model for 'DW01_add_width32' from '(none)' to 'ForQA'. (OPT-170)
Information: Changed wire load model for '*ADD_TC_OP_32_32_32' from '(none)' to 'ForQA'. (OPT-170)
Information: Changed wire load model for 'DW01_add_width32' from '(none)' to 'ForQA'. (OPT-170)
Information: Changed wire load model for '*ADD_TC_OP_32_32_32' from '(none)' to 'ForQA'. (OPT-170)
Information: Changed wire load model for 'DW01_add_width26' from '(none)' to 'ForQA'. (OPT-170)
Information: Changed wire load model for '*ADD_TC_OP_26_26_26' from '(none)' to 'ForQA'. (OPT-170)
Information: Changed wire load model for 'DW01_add_width26' from '(none)' to 'ForQA'. (OPT-170)
Information: Changed wire load model for '*ADD_TC_OP_26_26_26' from '(none)' to 'ForQA'. (OPT-170)
Information: Changed wire load model for 'DW01_add_width26' from '(none)' to 'ForQA'. (OPT-170)
Information: Changed wire load model for '*ADD_TC_OP_26_26_26' from '(none)' to 'ForQA'. (OPT-170)
Information: Changed wire load model for 'DW01_add_width26' from '(none)' to 'ForQA'. (OPT-170)
Information: Changed wire load model for '*ADD_TC_OP_26_26_26' from '(none)' to 'ForQA'. (OPT-170)
Information: Changed wire load model for 'DW01_add_width32' from '(none)' to 'ForQA'. (OPT-170)
Information: Changed wire load model for '*ADD_TC_OP_32_32_32' from '(none)' to 'ForQA'. (OPT-170)
Information: Changed wire load model for 'DW01_add_width32' from '(none)' to 'ForQA'. (OPT-170)
Information: Changed wire load model for '*ADD_TC_OP_32_32_32' from '(none)' to 'ForQA'. (OPT-170)
Information: Changed wire load model for 'DW01_add_width32' from '(none)' to 'ForQA'. (OPT-170)
Information: Changed wire load model for '*ADD_TC_OP_32_14_32' from '(none)' to 'ForQA'. (OPT-170)
Information: Changed wire load model for 'DW01_add_width32' from '(none)' to 'ForQA'. (OPT-170)
Information: Changed wire load model for '*ADD_TC_OP_32_14_32' from '(none)' to 'ForQA'. (OPT-170)
Information: Changed wire load model for 'DW01_add_width32' from '(none)' to 'ForQA'. (OPT-170)
Information: Changed wire load model for '*ADD_TC_OP_32_14_32' from '(none)' to 'ForQA'. (OPT-170)
Information: Changed wire load model for 'DW01_sub_width32' from '(none)' to 'ForQA'. (OPT-170)
Information: Changed wire load model for '*SUB_TC_OP_32_14_32' from '(none)' to 'ForQA'. (OPT-170)
Information: Changed wire load model for 'DW01_sub_width32' from '(none)' to 'ForQA'. (OPT-170)
Information: Changed wire load model for '*SUB_TC_OP_32_14_32' from '(none)' to 'ForQA'. (OPT-170)
Information: Changed wire load model for 'DW01_sub_width32' from '(none)' to 'ForQA'. (OPT-170)
Information: Changed wire load model for '*SUB_TC_OP_32_14_32' from '(none)' to 'ForQA'. (OPT-170)
Information: Changed wire load model for 'DW01_add_width32' from '(none)' to 'ForQA'. (OPT-170)
Information: Changed wire load model for '*ADD_TC_OP_32_14_32' from '(none)' to 'ForQA'. (OPT-170)
Information: Changed wire load model for 'DW01_sub_width32' from '(none)' to 'ForQA'. (OPT-170)
Information: Changed wire load model for '*SUB_TC_OP_32_14_32' from '(none)' to 'ForQA'. (OPT-170)
Information: Changed wire load model for 'DW01_add_width32' from '(none)' to 'ForQA'. (OPT-170)
Information: Changed wire load model for '*ADD_TC_OP_32_14_32' from '(none)' to 'ForQA'. (OPT-170)
Information: Changed wire load model for 'DW02_mult_A_width32_B_width32' from '(none)' to 'ForQA'. (OPT-170)
Information: Changed wire load model for '*MULT_TC_OP_32_32_48' from '(none)' to 'ForQA'. (OPT-170)
Information: Changed wire load model for 'DW01_add_width24' from '(none)' to 'ForQA'. (OPT-170)
Information: Changed wire load model for '*ADD_TC_OP_24_24_24' from '(none)' to 'ForQA'. (OPT-170)
Information: Changed wire load model for 'DW01_add_width24' from '(none)' to 'ForQA'. (OPT-170)
Information: Changed wire load model for '*ADD_TC_OP_24_24_24' from '(none)' to 'ForQA'. (OPT-170)
Information: Changed wire load model for 'DW01_sub_width26' from '(none)' to 'ForQA'. (OPT-170)
Information: Changed wire load model for '*SUB_TC_OP_26_26_26' from '(none)' to 'ForQA'. (OPT-170)
Information: Changed wire load model for 'DW01_sub_width26' from '(none)' to 'ForQA'. (OPT-170)
Information: Changed wire load model for '*SUB_TC_OP_26_26_26' from '(none)' to 'ForQA'. (OPT-170)
Information: Changed wire load model for 'DW01_sub_width26' from '(none)' to 'ForQA'. (OPT-170)
Information: Changed wire load model for '*SUB_TC_OP_26_26_26' from '(none)' to 'ForQA'. (OPT-170)
Information: Changed wire load model for 'DW01_sub_width26' from '(none)' to 'ForQA'. (OPT-170)
Information: Changed wire load model for '*SUB_TC_OP_26_26_26' from '(none)' to 'ForQA'. (OPT-170)
Information: Changed wire load model for 'DW01_add_width24' from '(none)' to 'ForQA'. (OPT-170)
Information: Changed wire load model for '*ADD_TC_OP_24_24_24' from '(none)' to 'ForQA'. (OPT-170)
Information: Changed wire load model for 'DW01_add_width24' from '(none)' to 'ForQA'. (OPT-170)
Information: Changed wire load model for '*ADD_TC_OP_24_24_24' from '(none)' to 'ForQA'. (OPT-170)
Information: Changed wire load model for 'DW02_mult_A_width32_B_width32' from '(none)' to 'ForQA'. (OPT-170)
Information: Changed wire load model for '*MULT_TC_OP_32_32_48' from '(none)' to 'ForQA'. (OPT-170)
Information: Changed wire load model for 'DW01_sub_width24' from '(none)' to 'ForQA'. (OPT-170)
Information: Changed wire load model for '*SUB_TC_OP_24_24_24' from '(none)' to 'ForQA'. (OPT-170)
Information: Changed wire load model for 'DW01_sub_width24' from '(none)' to 'ForQA'. (OPT-170)
Information: Changed wire load model for '*SUB_TC_OP_24_24_24' from '(none)' to 'ForQA'. (OPT-170)
Information: Changed wire load model for 'DW01_sub_width26' from '(none)' to 'ForQA'. (OPT-170)
Information: Changed wire load model for '*SUB_TC_OP_26_26_26' from '(none)' to 'ForQA'. (OPT-170)
Information: Changed wire load model for 'DW01_sub_width26' from '(none)' to 'ForQA'. (OPT-170)
Information: Changed wire load model for '*SUB_TC_OP_26_26_26' from '(none)' to 'ForQA'. (OPT-170)
Information: Changed wire load model for 'DW01_sub_width26' from '(none)' to 'ForQA'. (OPT-170)
Information: Changed wire load model for '*SUB_TC_OP_26_26_26' from '(none)' to 'ForQA'. (OPT-170)
Information: Changed wire load model for 'DW01_sub_width26' from '(none)' to 'ForQA'. (OPT-170)
Information: Changed wire load model for '*SUB_TC_OP_26_26_26' from '(none)' to 'ForQA'. (OPT-170)
Information: Changed wire load model for 'DW01_sub_width24' from '(none)' to 'ForQA'. (OPT-170)
Information: Changed wire load model for '*SUB_TC_OP_24_24_24' from '(none)' to 'ForQA'. (OPT-170)
Information: Changed wire load model for 'DW01_sub_width24' from '(none)' to 'ForQA'. (OPT-170)
Information: Changed wire load model for '*SUB_TC_OP_24_24_24' from '(none)' to 'ForQA'. (OPT-170)
Information: Changed wire load model for 'DW01_sub_width29' from '(none)' to 'ForQA'. (OPT-170)
Information: Changed wire load model for '*SUB_TC_OP_29_29_29' from '(none)' to 'ForQA'. (OPT-170)
Information: Changed wire load model for 'DW01_sub_width29' from '(none)' to 'ForQA'. (OPT-170)
Information: Changed wire load model for '*SUB_TC_OP_29_29_29' from '(none)' to 'ForQA'. (OPT-170)
Information: Changed wire load model for 'DW01_sub_width29' from '(none)' to 'ForQA'. (OPT-170)
Information: Changed wire load model for '*SUB_TC_OP_29_29_29' from '(none)' to 'ForQA'. (OPT-170)
Information: Changed wire load model for 'DW01_sub_width29' from '(none)' to 'ForQA'. (OPT-170)
Information: Changed wire load model for '*SUB_TC_OP_29_29_29' from '(none)' to 'ForQA'. (OPT-170)
Information: Changed wire load model for 'DW01_sub_width29' from '(none)' to 'ForQA'. (OPT-170)
Information: Changed wire load model for '*SUB_TC_OP_29_29_29' from '(none)' to 'ForQA'. (OPT-170)
Information: Changed wire load model for 'DW01_sub_width29' from '(none)' to 'ForQA'. (OPT-170)
Information: Changed wire load model for '*SUB_TC_OP_29_29_29' from '(none)' to 'ForQA'. (OPT-170)
Information: Changed wire load model for 'DW01_ash_A_width543_SH_width10' from '(none)' to 'ForQA'. (OPT-170)
Information: Changed wire load model for '*ASH_UNS_UNS_OP_543_10_543' from '(none)' to 'ForQA'. (OPT-170)
Information: Changed wire load model for 'DW01_ash_A_width543_SH_width10' from '(none)' to 'ForQA'. (OPT-170)
Information: Changed wire load model for '*ASH_UNS_UNS_OP_543_10_543' from '(none)' to 'ForQA'. (OPT-170)
Information: Changed wire load model for 'DW01_ash_A_width543_SH_width10' from '(none)' to 'ForQA'. (OPT-170)
Information: Changed wire load model for '*ASH_UNS_UNS_OP_543_10_543' from '(none)' to 'ForQA'. (OPT-170)
Information: Changed wire load model for 'DW01_ash_A_width543_SH_width10' from '(none)' to 'ForQA'. (OPT-170)
Information: Changed wire load model for '*ASH_UNS_UNS_OP_543_10_543' from '(none)' to 'ForQA'. (OPT-170)
Information: Changed wire load model for 'DW_rash_A_width543_SH_width9' from '(none)' to 'ForQA'. (OPT-170)
Information: Changed wire load model for '*ASHR_UNS_UNS_OP_543_9_543' from '(none)' to 'ForQA'. (OPT-170)
Information: Changed wire load model for 'DW01_ash_A_width543_SH_width10' from '(none)' to 'ForQA'. (OPT-170)
Information: Changed wire load model for '*ASH_UNS_UNS_OP_543_10_543' from '(none)' to 'ForQA'. (OPT-170)
Information: Changed wire load model for 'DW_rash_A_width543_SH_width9' from '(none)' to 'ForQA'. (OPT-170)
Information: Changed wire load model for '*ASHR_UNS_UNS_OP_543_9_543' from '(none)' to 'ForQA'. (OPT-170)
Information: Changed wire load model for 'DW01_ash_A_width543_SH_width10' from '(none)' to 'ForQA'. (OPT-170)
Information: Changed wire load model for '*ASH_UNS_UNS_OP_543_10_543' from '(none)' to 'ForQA'. (OPT-170)
Information: Changed wire load model for 'DW_rash_A_width543_SH_width9' from '(none)' to 'ForQA'. (OPT-170)
Information: Changed wire load model for '*ASHR_UNS_UNS_OP_543_9_543' from '(none)' to 'ForQA'. (OPT-170)
Information: Changed wire load model for 'DW01_ash_A_width543_SH_width10' from '(none)' to 'ForQA'. (OPT-170)
Information: Changed wire load model for '*ASH_UNS_UNS_OP_543_10_543' from '(none)' to 'ForQA'. (OPT-170)
Information: Changed wire load model for 'DW_rash_A_width543_SH_width9' from '(none)' to 'ForQA'. (OPT-170)
Information: Changed wire load model for '*ASHR_UNS_UNS_OP_543_9_543' from '(none)' to 'ForQA'. (OPT-170)
Information: Changed wire load model for 'DW01_ash_A_width543_SH_width10' from '(none)' to 'ForQA'. (OPT-170)
Information: Changed wire load model for '*ASH_UNS_UNS_OP_543_10_543' from '(none)' to 'ForQA'. (OPT-170)
Information: Changed wire load model for 'DW01_ash_A_width543_SH_width10' from '(none)' to 'ForQA'. (OPT-170)
Information: Changed wire load model for '*ASH_UNS_UNS_OP_543_10_543' from '(none)' to 'ForQA'. (OPT-170)
Information: Changed wire load model for 'DW01_ash_A_width543_SH_width10' from '(none)' to 'ForQA'. (OPT-170)
Information: Changed wire load model for '*ASH_UNS_UNS_OP_543_10_543' from '(none)' to 'ForQA'. (OPT-170)
Information: Changed wire load model for 'DW01_ash_A_width543_SH_width10' from '(none)' to 'ForQA'. (OPT-170)
Information: Changed wire load model for '*ASH_UNS_UNS_OP_543_10_543' from '(none)' to 'ForQA'. (OPT-170)
Information: Changed wire load model for 'DW01_ash_A_width543_SH_width10' from '(none)' to 'ForQA'. (OPT-170)
Information: Changed wire load model for '*ASH_UNS_UNS_OP_543_10_543' from '(none)' to 'ForQA'. (OPT-170)
Information: Changed wire load model for 'DW_rash_A_width543_SH_width9' from '(none)' to 'ForQA'. (OPT-170)
Information: Changed wire load model for '*ASHR_UNS_UNS_OP_543_9_543' from '(none)' to 'ForQA'. (OPT-170)
Information: Changed wire load model for 'DW_rash_A_width543_SH_width9' from '(none)' to 'ForQA'. (OPT-170)
Information: Changed wire load model for '*ASHR_UNS_UNS_OP_543_9_543' from '(none)' to 'ForQA'. (OPT-170)
Information: Changed wire load model for 'DW_rash_A_width543_SH_width9' from '(none)' to 'ForQA'. (OPT-170)
Information: Changed wire load model for '*ASHR_UNS_UNS_OP_543_9_543' from '(none)' to 'ForQA'. (OPT-170)
Information: Changed wire load model for 'DW_rash_A_width543_SH_width9' from '(none)' to 'ForQA'. (OPT-170)
Information: Changed wire load model for '*ASHR_UNS_UNS_OP_543_9_543' from '(none)' to 'ForQA'. (OPT-170)
Information: Changed wire load model for 'DW_rash_A_width543_SH_width9' from '(none)' to 'ForQA'. (OPT-170)
Information: Changed wire load model for '*ASHR_UNS_UNS_OP_543_9_543' from '(none)' to 'ForQA'. (OPT-170)
Information: Changed wire load model for 'DW_rash_A_width543_SH_width9' from '(none)' to 'ForQA'. (OPT-170)
Information: Changed wire load model for '*ASHR_UNS_UNS_OP_543_9_543' from '(none)' to 'ForQA'. (OPT-170)
Information: Changed wire load model for 'DW_rash_A_width543_SH_width9' from '(none)' to 'ForQA'. (OPT-170)
Information: Changed wire load model for '*ASHR_UNS_UNS_OP_543_9_543' from '(none)' to 'ForQA'. (OPT-170)
Information: Changed wire load model for 'DW_rash_A_width543_SH_width9' from '(none)' to 'ForQA'. (OPT-170)
Information: Changed wire load model for '*ASHR_UNS_UNS_OP_543_9_543' from '(none)' to 'ForQA'. (OPT-170)
Information: Changed wire load model for 'DW01_cmp2_width32' from '(none)' to 'ForQA'. (OPT-170)
Information: Changed wire load model for '*LEQ_TC_OP_32_6_1' from '(none)' to 'ForQA'. (OPT-170)
Information: Changed wire load model for 'DW01_sub_width31' from '(none)' to 'ForQA'. (OPT-170)
Information: Changed wire load model for '*SUB_UNS_OP_31_31_31' from '(none)' to 'ForQA'. (OPT-170)
Information: Changed wire load model for 'DW01_dec_width6' from '(none)' to 'ForQA'. (OPT-170)
Information: Changed wire load model for '*SUB_UNS_OP_6_1_6' from '(none)' to 'ForQA'. (OPT-170)
Information: Changed wire load model for 'DW01_sub_width32' from '(none)' to 'ForQA'. (OPT-170)
Information: Changed wire load model for '*SUB_TC_OP_1_32_32' from '(none)' to 'ForQA'. (OPT-170)
Information: Changed wire load model for 'DW01_sub_width32' from '(none)' to 'ForQA'. (OPT-170)
Information: Changed wire load model for '*SUB_TC_OP_1_32_32' from '(none)' to 'ForQA'. (OPT-170)
Information: Changed wire load model for 'DW01_sub_width32' from '(none)' to 'ForQA'. (OPT-170)
Information: Changed wire load model for '*SUB_UNS_OP_1_32_32' from '(none)' to 'ForQA'. (OPT-170)
Information: Changed wire load model for 'DW01_cmp2_width32' from '(none)' to 'ForQA'. (OPT-170)
Information: Changed wire load model for '*GEQ_UNS_OP_32_32_1' from '(none)' to 'ForQA'. (OPT-170)
Information: Changed wire load model for 'DW01_cmp2_width6' from '(none)' to 'ForQA'. (OPT-170)
Information: Changed wire load model for '*GT_UNS_OP_6_1_1' from '(none)' to 'ForQA'. (OPT-170)
Information: Changed wire load model for 'DW01_inc_width6' from '(none)' to 'ForQA'. (OPT-170)
Information: Changed wire load model for '*ADD_UNS_OP_6_1_6' from '(none)' to 'ForQA'. (OPT-170)
Information: Changed wire load model for 'DW01_inc_width6' from '(none)' to 'ForQA'. (OPT-170)
Information: Changed wire load model for '*ADD_UNS_OP_6_1_6' from '(none)' to 'ForQA'. (OPT-170)
Information: Changed wire load model for 'DW01_cmp2_width5' from '(none)' to 'ForQA'. (OPT-170)
Information: Changed wire load model for '*LT_UNS_OP_4_5_1' from '(none)' to 'ForQA'. (OPT-170)
Information: Changed wire load model for 'DW01_cmp2_width5' from '(none)' to 'ForQA'. (OPT-170)
Information: Changed wire load model for '*LT_UNS_OP_4_5_1' from '(none)' to 'ForQA'. (OPT-170)
Information: Changed wire load model for 'DW01_cmp2_width5' from '(none)' to 'ForQA'. (OPT-170)
Information: Changed wire load model for '*LT_UNS_OP_4_5_1' from '(none)' to 'ForQA'. (OPT-170)
Information: Changed wire load model for 'DW01_cmp2_width5' from '(none)' to 'ForQA'. (OPT-170)
Information: Changed wire load model for '*LT_UNS_OP_4_5_1' from '(none)' to 'ForQA'. (OPT-170)
Information: Changed wire load model for 'DW01_cmp2_width5' from '(none)' to 'ForQA'. (OPT-170)
Information: Changed wire load model for '*LT_UNS_OP_4_5_1' from '(none)' to 'ForQA'. (OPT-170)
Information: Changed wire load model for 'DW01_cmp2_width5' from '(none)' to 'ForQA'. (OPT-170)
Information: Changed wire load model for '*LT_UNS_OP_4_5_1' from '(none)' to 'ForQA'. (OPT-170)
Information: Changed wire load model for 'DW01_cmp2_width5' from '(none)' to 'ForQA'. (OPT-170)
Information: Changed wire load model for '*LT_UNS_OP_4_5_1' from '(none)' to 'ForQA'. (OPT-170)
Information: Changed wire load model for 'DW01_cmp2_width5' from '(none)' to 'ForQA'. (OPT-170)
Information: Changed wire load model for '*LT_UNS_OP_4_5_1' from '(none)' to 'ForQA'. (OPT-170)
Information: Changed wire load model for 'DW01_cmp2_width5' from '(none)' to 'ForQA'. (OPT-170)
Information: Changed wire load model for '*LT_UNS_OP_3_5_1' from '(none)' to 'ForQA'. (OPT-170)
Information: Changed wire load model for 'DW01_cmp2_width5' from '(none)' to 'ForQA'. (OPT-170)
Information: Changed wire load model for '*LT_UNS_OP_3_5_1' from '(none)' to 'ForQA'. (OPT-170)
Information: Changed wire load model for 'DW01_cmp2_width5' from '(none)' to 'ForQA'. (OPT-170)
Information: Changed wire load model for '*LT_UNS_OP_3_5_1' from '(none)' to 'ForQA'. (OPT-170)
Information: Changed wire load model for 'DW01_cmp2_width5' from '(none)' to 'ForQA'. (OPT-170)
Information: Changed wire load model for '*LT_UNS_OP_3_5_1' from '(none)' to 'ForQA'. (OPT-170)
Information: Changed wire load model for 'DW01_cmp2_width5' from '(none)' to 'ForQA'. (OPT-170)
Information: Changed wire load model for '*LT_UNS_OP_2_5_1' from '(none)' to 'ForQA'. (OPT-170)
Information: Changed wire load model for 'DW01_cmp2_width5' from '(none)' to 'ForQA'. (OPT-170)
Information: Changed wire load model for '*LT_UNS_OP_2_5_1' from '(none)' to 'ForQA'. (OPT-170)
Information: Changed wire load model for 'DW01_cmp2_width5' from '(none)' to 'ForQA'. (OPT-170)
Information: Changed wire load model for '*LT_UNS_OP_1_5_1' from '(none)' to 'ForQA'. (OPT-170)
Information: Changed wire load model for 'DW01_cmp2_width5' from '(none)' to 'ForQA'. (OPT-170)
Information: Changed wire load model for '*LT_UNS_OP_1_5_1' from '(none)' to 'ForQA'. (OPT-170)
Information: Changed wire load model for 'DW01_sub_width31' from '(none)' to 'ForQA'. (OPT-170)
Information: Changed wire load model for '*SUB_UNS_OP_31_31_31' from '(none)' to 'ForQA'. (OPT-170)
Information: Changed wire load model for 'DW01_dec_width6' from '(none)' to 'ForQA'. (OPT-170)
Information: Changed wire load model for '*SUB_UNS_OP_6_1_6' from '(none)' to 'ForQA'. (OPT-170)
Information: Changed wire load model for 'DW01_sub_width32' from '(none)' to 'ForQA'. (OPT-170)
Information: Changed wire load model for '*SUB_TC_OP_1_32_32' from '(none)' to 'ForQA'. (OPT-170)
Information: Changed wire load model for 'DW01_sub_width32' from '(none)' to 'ForQA'. (OPT-170)
Information: Changed wire load model for '*SUB_TC_OP_1_32_32' from '(none)' to 'ForQA'. (OPT-170)
Information: Changed wire load model for 'DW01_sub_width32' from '(none)' to 'ForQA'. (OPT-170)
Information: Changed wire load model for '*SUB_UNS_OP_1_32_32' from '(none)' to 'ForQA'. (OPT-170)
Information: Changed wire load model for 'DW01_cmp2_width32' from '(none)' to 'ForQA'. (OPT-170)
Information: Changed wire load model for '*GEQ_UNS_OP_32_32_1' from '(none)' to 'ForQA'. (OPT-170)
Information: Changed wire load model for 'DW01_cmp2_width6' from '(none)' to 'ForQA'. (OPT-170)
Information: Changed wire load model for '*GT_UNS_OP_6_1_1' from '(none)' to 'ForQA'. (OPT-170)
Information: Changed wire load model for 'DW01_sub_width32' from '(none)' to 'ForQA'. (OPT-170)
Information: Changed wire load model for '*SUB_TC_OP_32_32_32' from '(none)' to 'ForQA'. (OPT-170)
Information: Changed wire load model for 'DW01_sub_width32' from '(none)' to 'ForQA'. (OPT-170)
Information: Changed wire load model for '*SUB_TC_OP_1_32_32' from '(none)' to 'ForQA'. (OPT-170)
Information: Changed wire load model for 'DW01_add_width32' from '(none)' to 'ForQA'. (OPT-170)
Information: Changed wire load model for '*ADD_TC_OP_32_32_32' from '(none)' to 'ForQA'. (OPT-170)
Information: Changed wire load model for 'DW02_mult_A_width32_B_width32' from '(none)' to 'ForQA'. (OPT-170)
Information: Changed wire load model for '*MULT_TC_OP_32_32_64' from '(none)' to 'ForQA'. (OPT-170)
Information: Changed wire load model for 'DW01_cmp2_width32' from '(none)' to 'ForQA'. (OPT-170)
Information: Changed wire load model for '*GT_TC_OP_32_1_1' from '(none)' to 'ForQA'. (OPT-170)
Information: Changed wire load model for 'DW01_cmp2_width32' from '(none)' to 'ForQA'. (OPT-170)
Information: Changed wire load model for '*GT_TC_OP_32_1_1' from '(none)' to 'ForQA'. (OPT-170)
Information: Changed wire load model for 'DW01_cmp2_width32' from '(none)' to 'ForQA'. (OPT-170)
Information: Changed wire load model for '*LT_TC_OP_32_1_1' from '(none)' to 'ForQA'. (OPT-170)
Information: Changed wire load model for 'DW01_cmp2_width32' from '(none)' to 'ForQA'. (OPT-170)
Information: Changed wire load model for '*LT_TC_OP_32_1_1' from '(none)' to 'ForQA'. (OPT-170)
Information: Changed wire load model for 'DW01_cmp2_width32' from '(none)' to 'ForQA'. (OPT-170)
Information: Changed wire load model for '*LT_TC_OP_32_1_1' from '(none)' to 'ForQA'. (OPT-170)
Information: Changed wire load model for 'DW01_cmp2_width32' from '(none)' to 'ForQA'. (OPT-170)
Information: Changed wire load model for '*GT_TC_OP_32_1_1' from '(none)' to 'ForQA'. (OPT-170)
Information: Changed wire load model for 'DW01_cmp2_width32' from '(none)' to 'ForQA'. (OPT-170)
Information: Changed wire load model for '*GT_TC_OP_32_1_1' from '(none)' to 'ForQA'. (OPT-170)
Information: Changed wire load model for 'DW01_cmp2_width32' from '(none)' to 'ForQA'. (OPT-170)
Information: Changed wire load model for '*LT_TC_OP_32_1_1' from '(none)' to 'ForQA'. (OPT-170)
Information: Changed wire load model for 'DW01_cmp2_width32' from '(none)' to 'ForQA'. (OPT-170)
Information: Changed wire load model for '*LT_TC_OP_32_1_1' from '(none)' to 'ForQA'. (OPT-170)
Information: Changed wire load model for 'DW01_cmp2_width32' from '(none)' to 'ForQA'. (OPT-170)
Information: Changed wire load model for '*LT_TC_OP_32_1_1' from '(none)' to 'ForQA'. (OPT-170)
Information: Changed wire load model for 'DW01_cmp2_width32' from '(none)' to 'ForQA'. (OPT-170)
Information: Changed wire load model for '*GT_TC_OP_32_1_1' from '(none)' to 'ForQA'. (OPT-170)
Information: Changed wire load model for 'DW01_cmp2_width32' from '(none)' to 'ForQA'. (OPT-170)
Information: Changed wire load model for '*GT_TC_OP_32_1_1' from '(none)' to 'ForQA'. (OPT-170)
Information: Changed wire load model for 'DW01_cmp6_width17' from '(none)' to 'ForQA'. (OPT-170)
Information: Changed wire load model for '*NE_UNS_OP_17_17_1' from '(none)' to 'ForQA'. (OPT-170)
Information: Changed wire load model for 'DW01_cmp6_width17' from '(none)' to 'ForQA'. (OPT-170)
Information: Changed wire load model for '*NE_UNS_OP_17_1_1' from '(none)' to 'ForQA'. (OPT-170)
Information: Updating design information... (UID-85)
Warning: Design 'newton_bcd_axi_lite' contains 33 high-fanout nets. A fanout number of 1000 will be used for delay calculations involving these nets. (TIM-134)

Information: Checking generated_clocks...

Information: Checking loops...

Information: Checking no_input_delay...

Information: Checking unconstrained_endpoints...

Information: Checking pulse_clock_cell_type...

Information: Checking no_driving_cell...

Information: Checking partial_input_delay...
1
