 
****************************************
Report : clock_gating
Design : newton_bcd_axi_lite
Version: W-2024.09-SP1
Date   : Wed Sep 23 15:24:47 2026
****************************************

Information: Identification of clock-gating cells has not been performed. Pre-existing clock-gating cells will not be reported. (PWR-947)


                             Clock Gating Summary
          ------------------------------------------------------------
          |    Number of Clock gating elements    |      139         |
          |                                       |                  |
          |    Number of Gated registers          |  6569 (99.56%)   |
          |                                       |                  |
          |    Number of Ungated registers        |    29 (0.44%)    |
          |                                       |                  |
          |    Total number of registers          |     6598         |
          ------------------------------------------------------------



                             Clock Gating Report by Origin
          +-------------------------------------------------+------------------+
          |                                                 |    Actual (%)    |
          |                                                 |    Count         |
          +-------------------------------------------------+------------------+
          |  Number of tool-inserted clock gating elements  |   139 (100.00%)  |
          |                                                 |                  |
          |  Number of pre-existing clock gating elements   |     0 (0.00%)    |
          |                                                 |                  |
          |  Number of gated registers                      |  6569 (99.56%)   |
          |                                                 |                  |
          |  Number of tool-inserted gated registers        |  6569 (99.56%)   |
          |                                                 |                  |
          |  Number of pre-existing gated registers         |     0 (0.00%)    |
          |                                                 |                  |
          |  Number of ungated registers                    |    29 (0.44%)    |
          |                                                 |                  |
          |  Number of registers                            |     6598         |
          +-------------------------------------------------+------------------+



1
