Information: Updating design information... (UID-85)
Warning: Design 'newton_bcd_axi_lite' contains 1 high-fanout nets. A fanout number of 1000 will be used for delay calculations involving these nets. (TIM-134)
 
****************************************
Report : qor
Design : newton_bcd_axi_lite
Version: W-2024.09-SP1
Date   : Wed Sep 23 15:24:44 2026
****************************************


  Timing Path Group 's_axi_aclk'
  -----------------------------------
  Levels of Logic:             107.00
  Critical Path Length:         19.47
  Critical Path Slack:           0.00
  Critical Path Clk Period:     20.00
  Total Negative Slack:          0.00
  No. of Violating Paths:        0.00
  Worst Hold Violation:          0.00
  Total Hold Violation:          0.00
  No. of Hold Violations:        0.00
  -----------------------------------


  Cell Count
  -----------------------------------
  Hierarchical Cell Count:        145
  Hierarchical Port Count:       3450
  Leaf Cell Count:              42052
  Buf/Inv Cell Count:            6714
  Buf Cell Count:                1244
  Inv Cell Count:                5594
  CT Buf/Inv Cell Count:            0
  Combinational Cell Count:     35315
  Sequential Cell Count:         6737
  Macro Count:                      0
  -----------------------------------


  Area
  -----------------------------------
  Combinational Area:    57827.500000
  Noncombinational Area: 34362.500000
  Buf/Inv Area:           6371.750000
  Total Buffer Area:          2218.50
  Total Inverter Area:        4804.25
  Macro/Black Box Area:      0.000000
  Net Area:              45811.409290
  -----------------------------------
  Cell Area:             92190.000000
  Design Area:          138001.409290


  Design Rules
  -----------------------------------
  Total Number of Nets:         44206
  Nets With Violations:          2169
  Max Trans Violations:          2168
  Max Cap Violations:               0
  Max Fanout Violations:            1
  -----------------------------------


  Hostname: ams17iccoe.jadavpuruniversity.in

  Compile CPU Statistics
  -----------------------------------------
  Resource Sharing:                   24.23
  Logic Optimization:                 12.28
  Mapping Optimization:               32.19
  -----------------------------------------
  Overall Compile Time:              169.96
  Overall Compile Wall Clock Time:   175.15

  --------------------------------------------------------------------

  Design  WNS: 0.00  TNS: 0.00  Number of Violating Paths: 0


  Design (Hold)  WNS: 0.00  TNS: 0.00  Number of Violating Paths: 0

  --------------------------------------------------------------------


1
