================================================================================
        UNIVERSAL NEWTON 2ND-ORDER ACCELERATOR - VERIFICATION REPORT
================================================================================
  Generated On : 2026-09-10 12:15:21
  Simulator    : Synopsys VCS W-2024.09 (UVM 1.1d)
  Design       : newton_2nd_order_top (32-bit Q16.16 Fixed-Point)
--------------------------------------------------------------------------------

TEST NAME              | STATUS   | MATCH | MISMATCH | COV %    | SIM TIME  
--------------------------------------------------------------------------------
corner                 | PASSED   | 10    | 0        | 81.19%   | 22105 ns  
cubic                  | PASSED   | 4     | 0        | 40.00%   | 14045 ns  
newton_quadratic_test  | PASSED   | 5     | 0        | 43.81%   | 6405 ns   
quad                   | PASSED   | 5     | 0        | 43.81%   | 6405 ns   
random                 | PASSED   | 15    | 0        | 76.43%   | 172745 ns 
rational               | PASSED   | 1     | 0        | 28.81%   | 4425 ns   
--------------------------------------------------------------------------------

REGRESSION SUMMARY METRICS:
  Total Test Cases Executed : 6
  Passed Tests              : 6
  Failed Tests              : 0
  Scoreboard Transactions   : 40 Passed / 0 Mismatches
  Overall Regression Status : 100% ALL TESTS PASSED
  Suite Pass Rate           : 100.0%
================================================================================
