================================================================================
              SCOREBOARD DETAILED TRANSACTION AUDIT REPORT
================================================================================
  Total Verified Transactions: 40
--------------------------------------------------------------------------------

#01 [CORNER] PASSED [Match #1]: x_init=50.0000 (0x00320000), tol=0.00002, alpha=0.1250, max_iters=3 | RES: status=STATUS_MAX_ITERS, iters=3, x*=34.4863 (0x00227c80), f(x*)=991.3889, g=62.9727
#02 [CORNER] PASSED [Match #2]: x_init=0.5000 (0x00008000), tol=0.00002, alpha=0.0625, max_iters=2 | RES: status=STATUS_MAX_ITERS, iters=2, x*=0.8027 (0x0000cd80), f(x*)=4.8280, g=-4.3945
#03 [CORNER] PASSED [Match #3]: x_init=5.0000 (0x00050000), tol=0.00002, alpha=0.0625, max_iters=2 | RES: status=STATUS_MAX_ITERS, iters=2, x*=4.7578 (0x0004c200), f(x*)=3.0899, g=3.5156
#04 [CORNER] PASSED [Match #4]: x_init=7.0000 (0x00070000), tol=0.00098, alpha=0.5000, max_iters=50 | RES: status=STATUS_CONVERGED, iters=13, x*=3.0005 (0x00030020), f(x*)=0.0000, g=0.0010
#05 [CORNER] PASSED [Match #5]: x_init=5.0000 (0x00050000), tol=0.00002, alpha=1.0000, max_iters=50 | RES: status=STATUS_SINGULAR, iters=0, x*=5.0000 (0x00050000), f(x*)=10.0000, g=2.0000
#06 [CORNER] PASSED [Match #6]: x_init=20.0000 (0x00140000), tol=0.00002, alpha=1.0000, max_iters=50 | RES: status=STATUS_SINGULAR, iters=0, x*=20.0000 (0x00140000), f(x*)=40.0000, g=2.0000
#07 [CORNER] PASSED [Match #7]: x_init=0.0000 (0x00000000), tol=0.00002, alpha=1.0000, max_iters=50 | RES: status=STATUS_SINGULAR, iters=0, x*=0.0000 (0x00000000), f(x*)=0.0000, g=2.0000
#08 [CORNER] PASSED [Match #8]: x_init=-5.0000 (0xfffb0000), tol=0.00002, alpha=1.0000, max_iters=50 | RES: status=STATUS_SINGULAR, iters=0, x*=-5.0000 (0xfffb0000), f(x*)=-10.0000, g=2.0000
#09 [CORNER] PASSED [Match #9]: x_init=-20.0000 (0xffec0000), tol=0.00002, alpha=1.0000, max_iters=50 | RES: status=STATUS_SINGULAR, iters=0, x*=-20.0000 (0xffec0000), f(x*)=-40.0000, g=2.0000
#10 [CORNER] PASSED [Match #10]: x_init=4.0000 (0x00040000), tol=0.00098, alpha=1.0000, max_iters=50 | RES: status=STATUS_CONVERGED, iters=1, x*=3.0000 (0x00030000), f(x*)=0.0000, g=0.0000
#11 [CUBIC] PASSED [Match #1]: x_init=2.5000 (0x00028000), tol=0.00098, alpha=1.0000, max_iters=50 | RES: status=STATUS_CONVERGED, iters=4, x*=0.9995 (0x0000ffe0), f(x*)=-2.0000, g=0.0010
#12 [CUBIC] PASSED [Match #2]: x_init=-2.5000 (0xfffd8000), tol=0.00098, alpha=1.0000, max_iters=50 | RES: status=STATUS_CONVERGED, iters=4, x*=-0.9995 (0xffff0020), f(x*)=2.0000, g=0.0010
#13 [CUBIC] PASSED [Match #3]: x_init=1.0000 (0x00010000), tol=0.00098, alpha=1.0000, max_iters=50 | RES: status=STATUS_CONVERGED, iters=1, x*=0.9994 (0x0000ffd6), f(x*)=-2.0000, g=0.0000
#14 [CUBIC] PASSED [Match #4]: x_init=-0.0100 (0xfffffd70), tol=0.00098, alpha=1.0000, max_iters=50 | RES: status=STATUS_CONVERGED, iters=6, x*=-0.9995 (0xffff0021), f(x*)=2.0000, g=0.0009
#15 [NEWTON_QUADRATIC_TEST] PASSED [Match #1]: x_init=10.0000 (0x000a0000), tol=0.00098, alpha=1.0000, max_iters=50 | RES: status=STATUS_CONVERGED, iters=1, x*=3.0000 (0x00030000), f(x*)=0.0000, g=0.0000
#16 [NEWTON_QUADRATIC_TEST] PASSED [Match #2]: x_init=-4.0000 (0xfffc0000), tol=0.00098, alpha=1.0000, max_iters=50 | RES: status=STATUS_CONVERGED, iters=1, x*=3.0000 (0x00030000), f(x*)=0.0000, g=0.0000
#17 [NEWTON_QUADRATIC_TEST] PASSED [Match #3]: x_init=0.0000 (0x00000000), tol=0.00098, alpha=1.0000, max_iters=50 | RES: status=STATUS_CONVERGED, iters=1, x*=3.0000 (0x00030000), f(x*)=0.0000, g=0.0000
#18 [NEWTON_QUADRATIC_TEST] PASSED [Match #4]: x_init=3.0000 (0x00030000), tol=0.00098, alpha=1.0000, max_iters=50 | RES: status=STATUS_CONVERGED, iters=0, x*=3.0000 (0x00030000), f(x*)=0.0000, g=0.0000
#19 [NEWTON_QUADRATIC_TEST] PASSED [Match #5]: x_init=20.0000 (0x00140000), tol=0.00098, alpha=1.0000, max_iters=50 | RES: status=STATUS_CONVERGED, iters=2, x*=3.0000 (0x00030000), f(x*)=0.0000, g=0.0000
#20 [QUAD] PASSED [Match #1]: x_init=10.0000 (0x000a0000), tol=0.00098, alpha=1.0000, max_iters=50 | RES: status=STATUS_CONVERGED, iters=1, x*=3.0000 (0x00030000), f(x*)=0.0000, g=0.0000
#21 [QUAD] PASSED [Match #2]: x_init=-4.0000 (0xfffc0000), tol=0.00098, alpha=1.0000, max_iters=50 | RES: status=STATUS_CONVERGED, iters=1, x*=3.0000 (0x00030000), f(x*)=0.0000, g=0.0000
#22 [QUAD] PASSED [Match #3]: x_init=0.0000 (0x00000000), tol=0.00098, alpha=1.0000, max_iters=50 | RES: status=STATUS_CONVERGED, iters=1, x*=3.0000 (0x00030000), f(x*)=0.0000, g=0.0000
#23 [QUAD] PASSED [Match #4]: x_init=3.0000 (0x00030000), tol=0.00098, alpha=1.0000, max_iters=50 | RES: status=STATUS_CONVERGED, iters=0, x*=3.0000 (0x00030000), f(x*)=0.0000, g=0.0000
#24 [QUAD] PASSED [Match #5]: x_init=20.0000 (0x00140000), tol=0.00098, alpha=1.0000, max_iters=50 | RES: status=STATUS_CONVERGED, iters=2, x*=3.0000 (0x00030000), f(x*)=0.0000, g=0.0000
#25 [RANDOM] PASSED [Match #1]: x_init=-21.0184 (0xffeafb4d), tol=0.02934, alpha=0.2500, max_iters=61 | RES: status=STATUS_CONVERGED, iters=26, x*=2.9868 (0x0002fca0), f(x*)=0.0002, g=-0.0264
#26 [RANDOM] PASSED [Match #2]: x_init=-35.5164 (0xffdc7bcc), tol=0.00375, alpha=0.1250, max_iters=40 | RES: status=STATUS_MAX_ITERS, iters=40, x*=2.8159 (0x0002d0e0), f(x*)=0.0339, g=-0.3682
#27 [RANDOM] PASSED [Match #3]: x_init=-35.1536 (0xffdcd8ae), tol=0.02295, alpha=0.2500, max_iters=23 | RES: status=STATUS_MAX_ITERS, iters=23, x*=2.9496 (0x0002f318), f(x*)=0.0025, g=-0.1008
#28 [RANDOM] PASSED [Match #4]: x_init=19.2296 (0x00133ac9), tol=0.00157, alpha=0.1250, max_iters=16 | RES: status=STATUS_MAX_ITERS, iters=16, x*=4.9176 (0x0004eae9), f(x*)=3.6772, g=3.8352
#29 [RANDOM] PASSED [Match #5]: x_init=-18.3848 (0xffed9d7e), tol=0.01967, alpha=0.5000, max_iters=17 | RES: status=STATUS_CONVERGED, iters=12, x*=2.9948 (0x0002fea9), f(x*)=0.0000, g=-0.0105
#30 [RANDOM] PASSED [Match #6]: x_init=-23.1862 (0xffe8d054), tol=0.01714, alpha=0.5000, max_iters=13 | RES: status=STATUS_CONVERGED, iters=12, x*=2.9922 (0x0002fe00), f(x*)=0.0001, g=-0.0156
#31 [RANDOM] PASSED [Match #7]: x_init=21.0194 (0x001504f5), tol=0.02040, alpha=1.0000, max_iters=68 | RES: status=STATUS_CONVERGED, iters=2, x*=3.0008 (0x00030035), f(x*)=0.0000, g=0.0016
#32 [RANDOM] PASSED [Match #8]: x_init=29.3159 (0x001d50e0), tol=0.02992, alpha=0.2500, max_iters=28 | RES: status=STATUS_CONVERGED, iters=27, x*=3.0117 (0x00030300), f(x*)=0.0001, g=0.0234
#33 [RANDOM] PASSED [Match #9]: x_init=32.7512 (0x0020c04e), tol=0.00143, alpha=0.1250, max_iters=12 | RES: status=STATUS_MAX_ITERS, iters=12, x*=8.9893 (0x0008fd41), f(x*)=35.8714, g=11.9785
#34 [RANDOM] PASSED [Match #10]: x_init=10.6094 (0x000a9bff), tol=0.00656, alpha=1.0000, max_iters=17 | RES: status=STATUS_CONVERGED, iters=1, x*=3.0000 (0x0002ffff), f(x*)=0.0000, g=-0.0001
#35 [RANDOM] PASSED [Match #11]: x_init=-47.1752 (0xffd0d327), tol=0.02504, alpha=1.0000, max_iters=37 | RES: status=STATUS_CONVERGED, iters=6, x*=3.0006 (0x00030027), f(x*)=0.0000, g=0.0011
#36 [RANDOM] PASSED [Match #12]: x_init=-47.6371 (0xffd05cea), tol=0.01096, alpha=0.1250, max_iters=73 | RES: status=STATUS_CONVERGED, iters=68, x*=2.9948 (0x0002fea8), f(x*)=0.0000, g=-0.0105
#37 [RANDOM] PASSED [Match #13]: x_init=24.0914 (0x00181769), tol=0.00356, alpha=0.1250, max_iters=66 | RES: status=STATUS_MAX_ITERS, iters=66, x*=3.0035 (0x000300e8), f(x*)=0.0000, g=0.0071
#38 [RANDOM] PASSED [Match #14]: x_init=-21.5604 (0xffea7089), tol=0.02614, alpha=1.0000, max_iters=73 | RES: status=STATUS_CONVERGED, iters=3, x*=3.0001 (0x00030009), f(x*)=0.0000, g=0.0004
#39 [RANDOM] PASSED [Match #15]: x_init=48.3957 (0x0030654b), tol=0.00920, alpha=1.0000, max_iters=52 | RES: status=STATUS_CONVERGED, iters=6, x*=3.0004 (0x00030018), f(x*)=0.0000, g=0.0007
#40 [RATIONAL] PASSED [Match #1]: x_init=5.0000 (0x00050000), tol=0.00098, alpha=1.0000, max_iters=50 | RES: status=STATUS_CONVERGED, iters=1, x*=1.0000 (0x00010000), f(x*)=-0.5000, g=0.0000

================================================================================
