 
****************************************
Report : clock_gating
Design : newton_2nd_order_top
Version: W-2024.09-SP1
Date   : Thu Sep 10 16:11:39 2026
****************************************

Information: Identification of clock-gating cells has not been performed. Pre-existing clock-gating cells will not be reported. (PWR-947)


                             Clock Gating Summary
          ------------------------------------------------------------
          |    Number of Clock gating elements    |       69         |
          |                                       |                  |
          |    Number of Gated registers          |  2401 (99.30%)   |
          |                                       |                  |
          |    Number of Ungated registers        |    17 (0.70%)    |
          |                                       |                  |
          |    Total number of registers          |     2418         |
          ------------------------------------------------------------



                             Clock Gating Report by Origin
          +-------------------------------------------------+------------------+
          |                                                 |    Actual (%)    |
          |                                                 |    Count         |
          +-------------------------------------------------+------------------+
          |  Number of tool-inserted clock gating elements  |    69 (100.00%)  |
          |                                                 |                  |
          |  Number of pre-existing clock gating elements   |     0 (0.00%)    |
          |                                                 |                  |
          |  Number of gated registers                      |  2401 (99.30%)   |
          |                                                 |                  |
          |  Number of tool-inserted gated registers        |  2401 (99.30%)   |
          |                                                 |                  |
          |  Number of pre-existing gated registers         |     0 (0.00%)    |
          |                                                 |                  |
          |  Number of ungated registers                    |    17 (0.70%)    |
          |                                                 |                  |
          |  Number of registers                            |     2418         |
          +-------------------------------------------------+------------------+



1
